la constante c a ete modifiee.
la constante d a ete modifiee.
variable non utilisee :  a
variable non affectee :  b
variable non utilisee :  b
