la variable a n'a pas ete declaree.
la variable b n'a pas ete declaree.
la variable c n'a pas ete declaree.
la variable d n'a pas ete declaree.