var a;
var b;
var e;
a := 25;
lire b;
ecrire 25+b-4*b;
ecrire 25+b-4/b;
ecrire 25+b-(4-b);
ecrire 25+b+4+b;
ecrire 25+b+4*b;
ecrire 25*b;
e := b+6;
ecrire e;
10
30
31
39
50
125
11
