L'analyse statique n'a revele aucune erreur.
125
11
