Affichage du programme
----------------------
var x;
x := 8;
ecrire x;
