la variable a n'a pas ete declaree.
la variable a n'a pas ete declaree.