une valeur dans l'expression a n'est pas connue.
variable non utilisee :  a