An error occured during the parsing at line 1 near symbol : ,
