Erreur syntaxique (1:5) operateur := attendu
Erreur syntaxique (1:6) pres du symbole ,
