la variable a est deja declaree
la variable b est deja declaree
la variable c est deja declaree
la variable d est deja declaree
la variable e est deja declaree
la variable f est deja declaree
la variable g est deja declaree
la constante a a ete modifiee.
la constante b a ete modifiee.
la constante c a ete modifiee.
la constante d a ete modifiee.
la constante e a ete modifiee.
la constante f a ete modifiee.
la constante g a ete modifiee.
