la constante c a ete modifiee.
la constante c a ete modifiee.
variable non utilisee :  a
variable non utilisee :  b