Erreur syntaxique (1:9) operateur = attendu
Erreur syntaxique (1:14) operateur = attendu
